
Error: free not called for memory allocated with malloc in function main in leak_simple.c at line 6.
