uninitialized-local-variable.c: In function â€˜mainâ€™:
uninitialized-local-variable.c:3:13: warning: â€˜aâ€™ is used uninitialized [-Wuninitialized]
    3 |     return a[0];
      |            ~^~~
uninitialized-local-variable.c:2:9: note: â€˜aâ€™ declared here
    2 |     int a[1];
      |         ^[0m
