
tests/run_time_errors/mod_zero.c:7:20: runtime error - division by zero

dcc explanation: A common error is to evaluate x % y when y == 0 which is undefined.

