
Runtime error: uninitialized variable accessed.

Execution stopped here in main() in tests/run_time_errors/uninitialized-array-element-printf.c at line 8:

	int a[1000];
  	a[42] = 42;
-->	printf("%d\n", a[argc]);
}

Values when execution stopped:

a =  <deleted-value>
argc =  <deleted-value>
a[42] =  <deleted-value>
a[argc] =  <deleted-value>

