
tests/run_time_errors/zero_size_array.c:3:8: runtime error - index 0 out of bounds for type 'int [0]'

dcc explanation: You have created a array of size 0 which is illegal.
  Make sure the size of your array is correct.
  Make sure your array indices are correct.

Execution stopped here in main() in tests/run_time_errors/zero_size_array.c at line 3:

int main(void) {
	int a[0];
-->return a[0];
}


