=================================================================

tests/run_time_errors/illegal_2d_array_access.cpp:4 runtime error - stack buffer overflow
dcc explanation: access past the end of a local variable.
  Make sure the size of your array is correct.
  Make sure your array indices are correct.
Execution stopped in twod(b=main:&a[0]) in tests/run_time_errors/illegal_2d_array_access.cpp at line 4:

void twod(int b[5][4]) {
--> std::cout << b[5][2] << "\n";
}

Values when execution stopped:

b = main:&a[0]
b[5][2] = <uninitialized value>

Function call traceback:

twod(b=main:&a[0]) called at line 9 of tests/run_time_errors/illegal_2d_array_access.cpp
main()

