tests/run_time/illegal_vla_index.c:3:2: runtime error: index 1000 out of bounds for type 'int [600 + argc]'

Execution stopped here in main() in tests/run_time/illegal_vla_index.c at line 3:

int main(int argc, char **argv) {
	int a[600+argc];
-->	a[1000] = argc;
}

Values when execution stopped:

a =  <deleted-value>
argc =  <deleted-value>
a[1000] =  <deleted-value>

