/usr/bin/ld: : in function `__wrap_main':
/home/andrewt/w/dcc/src/<stdin>:185: undefined reference to `main'
clang: [0;1;31merror: [0mlinker command failed with exit code 1 (use -v to see invocation)[0m[0m
EXPLANATION: Your program does not contain a main function - a C program must contain a main function.

