use_after_free.c:5:8: warning: incompatible pointer to integer conversion assigning to 'int' from 'int *'; dereference with * [-Wint-conversion]
    *p = p;
       ^ ~
EXPLANATION: By "incompatible conversion", the compiler means that you are assigning a value to a variable of a different type on line 5 of `use_after_free.c`. Try ensuring that your value is of type `integer`.

         *
use_after_free.c:7:7: warning: incompatible integer to pointer conversion assigning to 'int *' from 'int'; remove * [-Wint-conversion]
    p = *p;
      ^ ~~
2 warnings generated.
=================================================================

use_after_free.c:7 runtime error - illegal array, pointer or other operation [heap use-after-free]
Attempted to access memory that has already been freed.
Execution stopped here in main() in use_after_free.c at line 7:

    *p = p;
    free(p);
--> p = *p;
}


