[1mtests/extracted_compile_time_tests/assert_without_closing_parenthesis.c:5:2: [0m[0;1;31merror: [0m[1munterminated function-like macro invocation[0m
        assert(argc == 1;
[0;1;32m        ^[0m
dcc explanation: there is probably a missing closing bracket on the assert on 5 of tests/extracted_compile_time_tests/assert_without_closing_parenthesis.c
