tests/run_time/dereference_null_with_asterisk.c:4:2: runtime error: store to null pointer of type 'int'

Execution stopped here in main() in tests/run_time/dereference_null_with_asterisk.c at line 4:

int main(void) {
	int *a = NULL;
-->	*a = 42;
}
Values when execution stopped:

a =  <deleted-value>

