
Runtime error: uninitialized variable accessed.

Execution stopped here in main() in tests/run_time/uninitialized-array-element-if.c at line 7:

	int a[1000];
  	a[42] = 42;
-->	if (a[argc]) {
  		a[43] = 43;
  	}

Values when execution stopped:

a =  <deleted-value>
argc =  <deleted-value>
a[42] =  <deleted-value>
a[43] =  <deleted-value>
a[argc] =  <deleted-value>

