tests/extracted_compile_time_errors/nonnull.c: In function â€˜mainâ€™:
tests/extracted_compile_time_errors/nonnull.c:6:2: warning: argument 2 null where non-null expected [-Wnonnull]
  faccessat(0, pathname, 0, 0);
  ^~~~~~~~~~~~~~~~~~~~~~~~~~~~
dcc explanation: You are passing the variable pathname which always contains NULL as argument 2 to 'faccessat'.
Argument 2 to 'faccessat' should never be NULL.


In file included from tests/extracted_compile_time_errors/nonnull.c:2:
 in a call to function â€˜faccessatâ€™ declared here
 extern int faccessat (int __fd, const char *__file, int __type, int __flag)
            ^~~~~~~~~[0m

