tests/run_time_errors/hash_define.c:10:3: runtime error: index 1000 out of bounds for type 'int [1000]'

Execution stopped in main() in tests/run_time_errors/hash_define.c at line 10:

int main(int argc, char **argv) { 
    int a[ARRAY_SIZE];
    int i;
    
    for (i = 0; i < ARRAY_SIZE; i++) {
-->		a[i+argc] = i+argc;
    }
    return a[0];
}

Values when execution stopped:

a =  <deleted-value>
argc =  <deleted-value>
i =  <deleted-value>
i+argc =  <deleted-value>
a[i+argc] =  <deleted-value>
