
Runtime error: illegal array, pointer or other operation
Execution stopped in main() in unterminated-strcpy.c at line 7:

int main(void) {
    char i[2];
    char o[2];
    i[0] = 'H';
--> strcpy(o, i);
}

Values when execution stopped:

i = "H<uninitialized value>"
o = "<2 uninitialized values>"
i[0] = 72 = 'H'

