=================================================================

Runtime error: double free
dcc explanation: attempt to free memory that has already been freed.
Execution stopped in main() in double_free.c at line 6:

int main(void) {
    void *p = malloc(4);
    if (p) free(p);
--> free(p);
}

